> wow-mini-program-workspace@0.1.0 test:control
> node --test tests/project-harness.test.js tests/project-state.test.js tests/project-owner-map.test.js tests/backend-owner-map.test.js tests/chickenbro-simc-refactor-inventory.test.js tests/chickenbro-simc-local-cleanup.test.js tests/prototype-retirement.test.js tests/retained-client-boundary.test.js

✔ backend owner map names only formal Identity, Chat, SimC, Worker and deployment owners (0.826333ms)
✔ engineering health hotspots are current formal owners (0.072833ms)
✔ cleanup accepts exact files and rejects directories, globs and broad roots (2.0365ms)
✔ changed or missing delete targets fail closed before caller analysis (1.467125ms)
✔ a retained import, documentation link or route literal blocks deletion (7.990334ms)
✔ references from another exact delete target do not block an atomic cleanup set (0.240292ms)
✔ plain prose and cleanup-control fixtures are not treated as runtime callers (0.935292ms)
✔ immutable current-rebuild evidence records do not act as live callers (0.15575ms)
✔ unclassified tracked files and inventory identity drift are review blockers (0.389666ms)
✔ an inventory-only commit is accepted while any other post-base diff remains review (0.173291ms)
✔ apply is atomic, exact, and requires Phase 5 accepted production evidence (0.401292ms)
✔ Phase 5 acceptance reads the current project-state gate contract (2.096083ms)
✔ CLI reports retired targets as missing and cannot replay cleanup without review inputs (277.359541ms)
✔ cleanup implementation contains no recursive or shell-based delete primitive (0.325042ms)
✔ target owners are kept while prototype and legacy product surfaces are retired (4.1775ms)
✔ specific rules win before broader known-tree rules (0.096041ms)
✔ unknown top-level paths fail closed without a repository catch-all (2.966334ms)
✔ inventory ordering, file hashes, and content hash are deterministic (3.256792ms)
✔ every current repository path is classified and the inventory excludes only itself (24.333125ms)
✔ the current repository has a final keep-or-delete disposition with no migration limbo (21.845459ms)
✔ CLI may replace only its output file while rejecting every other tracked change (268.416416ms)
✔ project harness exposes help without running a manifest (33.774667ms)
✔ project harness rejects unknown options and missing option values (54.063375ms)
✔ project harness emits the current repo-native harness manifest as read-only JSON (110.596167ms)
✔ project harness writes a local release manifest only when --write is requested (46.312625ms)
✔ project harness sanitizes release path segments before writing artifacts (44.685625ms)
✔ project harness loads a local evidence packet without executing it (43.855958ms)
✔ project harness refuses evidence packets outside the repository root (28.106417ms)
✔ project harness check accepts a valid requirement and evidence packet (184.769209ms)
✔ project harness rejects a stale manifest from another task packet (48.801ms)
✔ project harness binds the manifest to the checked evidence path (45.018167ms)
✔ project harness requires separate runtime verification and closure identities (163.3135ms)
✔ project harness rejects branch-only or mismatched runtime identity binding (46.396667ms)
✔ project harness resolves the verification identity to the exact checked Git HEAD (200.308958ms)
✔ project harness rejects bound verification when checked bytes differ from HEAD (180.302917ms)
✔ project harness rejects manual acceptance rollups that do not match their items (42.594083ms)
✔ project harness accepts a truthful manual acceptance matrix with explicit user waiver (181.436291ms)
✔ project harness rejects an unproven manual acceptance or user waiver (90.955708ms)
✔ project harness rejects a manual acceptance matrix that omits required items (42.348708ms)
✔ project harness check returns stable reason codes for invalid packets (475.872625ms)
✔ project harness check reports invalid JSON with a stable reason code (28.441208ms)
✔ project harness check refuses requirement packets outside the repository root (27.201041ms)
✔ project harness check never executes commands listed in packets (182.255417ms)
✔ project harness check fails when a critical changed file has no owner map hit (193.191042ms)
✔ project harness check fails when a changed project owner domain has no valid fact owner (190.637583ms)
✔ project owner map covers exactly the rebuilt product domains (0.595375ms)
✔ every owner and characterization path is retained and exists (0.822167ms)
✔ the route owner targets Web Chat and SimC only (0.0985ms)
✔ project state names the approved Web-only QQ Chat and SimC product (1.191625ms)
✔ project state records the accepted production boundary and completed local/cloud cleanup (0.193375ms)
✔ all execution authorities and refactor evidence are explicit existing files (0.41325ms)
✔ every local link in retained Markdown resolves to another retained path (10.405541ms)
✔ formal backend runtime has no prototype owner, route, dependency, or setting (3.471041ms)
✔ formal typed clients export only real identity, Chat, and SimC contracts (0.239459ms)
✔ Chickenbro service definitions contain no prototype bypass configuration (0.918417ms)
✔ the retained app shell has no legacy design asset runtime (5.871709ms)
✔ the H5 manifest exposes one inert Web entry and no Mini product pages (0.203459ms)
✔ the retained build control plane has no legacy UI or news compatibility hooks (0.547791ms)
✔ the shared API client creates only transport, Chat, SimC and Web auth (1.367792ms)
✔ the retained transport has no legacy endpoint registry, bearer token or analytics path (0.291125ms)
✔ the public domain barrel exposes only Chat, SimC and real Web identity (0.188084ms)
✔ the root workspace and CI expose only retained product workflows (3.503333ms)
ℹ tests 62
ℹ suites 0
ℹ pass 62
ℹ fail 0
ℹ cancelled 0
ℹ skipped 0
ℹ todo 0
ℹ duration_ms 2734.932584
