
> wow-mini-program-workspace@0.1.0 test:control
> node --test tests/project-harness.test.js tests/project-state.test.js tests/project-owner-map.test.js tests/backend-owner-map.test.js tests/chickenbro-simc-refactor-inventory.test.js tests/chickenbro-simc-local-cleanup.test.js tests/prototype-retirement.test.js tests/retained-client-boundary.test.js

✔ backend owner map names only formal Identity, Chat, SimC, Worker and deployment owners (2.2323ms)
✔ engineering health hotspots are current formal owners (0.1102ms)
✔ cleanup accepts exact files and rejects directories, globs and broad roots (3.3174ms)
✔ changed or missing delete targets fail closed before caller analysis (1.2182ms)
✔ a retained import, documentation link or route literal blocks deletion (8.902ms)
✔ references from another exact delete target do not block an atomic cleanup set (0.3507ms)
✔ plain prose and cleanup-control fixtures are not treated as runtime callers (0.7715ms)
✔ immutable current-rebuild evidence records do not act as live callers (1.0051ms)
✔ unclassified tracked files and inventory identity drift are review blockers (0.4236ms)
✔ an inventory-only commit is accepted while any other post-base diff remains review (0.2606ms)
✔ apply is atomic, exact, and requires Phase 5 accepted production evidence (0.6015ms)
✔ Phase 5 acceptance reads the current project-state gate contract (6.3173ms)
✔ CLI reports retired targets as missing and cannot replay cleanup without review inputs (1258.1474ms)
✔ cleanup implementation contains no recursive or shell-based delete primitive (0.3239ms)
warning: in the working copy of 'inventory.json', LF will be replaced by CRLF the next time Git touches it
warning: in the working copy of 'known/a.txt', LF will be replaced by CRLF the next time Git touches it
warning: in the working copy of 'rules.json', LF will be replaced by CRLF the next time Git touches it
✔ target owners are kept while prototype and legacy product surfaces are retired (3.6515ms)
✔ specific rules win before broader known-tree rules (0.1665ms)
✔ unknown top-level paths fail closed without a repository catch-all (2.3298ms)
✔ inventory ordering, file hashes, and content hash are deterministic (4.3671ms)
✔ every current repository path is classified and the inventory excludes only itself (47.7299ms)
✔ the current repository has a final keep-or-delete disposition with no migration limbo (40.3551ms)
✔ CLI may replace only its output file while rejecting every other tracked change (565.2017ms)
✔ project harness exposes help without running a manifest (45.5346ms)
✔ project harness rejects unknown options and missing option values (79.1982ms)
✔ project harness emits the current repo-native harness manifest as read-only JSON (86.209ms)
✔ project harness writes a local release manifest only when --write is requested (80.3327ms)
✔ project harness sanitizes release path segments before writing artifacts (79.3704ms)
✔ project harness loads a local evidence packet without executing it (77.4407ms)
✔ project harness refuses evidence packets outside the repository root (41.7101ms)
✔ project harness check accepts a valid requirement and evidence packet (442.0242ms)
✔ project harness rejects a stale manifest from another task packet (87.7979ms)
✔ project harness binds the manifest to the checked evidence path (88.0669ms)
✔ project harness requires separate runtime verification and closure identities (314.1205ms)
✔ project harness rejects branch-only or mismatched runtime identity binding (86.0317ms)
✔ project harness resolves the verification identity to the exact checked Git HEAD (465.5458ms)
✔ project harness rejects bound verification when checked bytes differ from HEAD (461.6085ms)
✔ project harness rejects manual acceptance rollups that do not match their items (92.0879ms)
✔ project harness accepts a truthful manual acceptance matrix with explicit user waiver (461.137ms)
✔ project harness rejects an unproven manual acceptance or user waiver (183.2944ms)
✔ project harness rejects a manual acceptance matrix that omits required items (91.7888ms)
✔ project harness check returns stable reason codes for invalid packets (993.5946ms)
✔ project harness check reports invalid JSON with a stable reason code (44.2845ms)
✔ project harness check refuses requirement packets outside the repository root (39.8446ms)
✔ project harness check never executes commands listed in packets (454.6005ms)
✔ project harness check fails when a critical changed file has no owner map hit (472.5219ms)
✔ project harness check fails when a changed project owner domain has no valid fact owner (500.5219ms)
✔ project owner map covers exactly the rebuilt product domains (0.8787ms)
✔ every owner and characterization path is retained and exists (4.0719ms)
✔ the route owner is exactly five Mini pages and two product tabs (0.1564ms)
✔ project state names only the approved dual-client Chat and SimC product (2.0339ms)
✔ project state records the accepted production boundary and completed local/cloud cleanup (0.3261ms)
✔ all execution authorities and refactor evidence are explicit existing files (0.7371ms)
✔ every local link in retained Markdown resolves to another retained path (9.5057ms)
✔ formal backend runtime has no prototype owner, route, dependency, or setting (1.3175ms)
✔ formal typed clients export only real identity, Chat, and SimC contracts (0.3585ms)
✔ Chickenbro service definitions contain no prototype bypass configuration (0.3369ms)
✔ the retained app shell has no legacy design asset runtime (6.5172ms)
✔ the mini-program manifest exposes only Chat, SimC and the QR confirmation page (0.5579ms)
✔ the retained build control plane has no legacy UI or news compatibility hooks (0.346ms)
✔ the shared API client creates only transport, Chat, SimC and Web auth (0.4562ms)
✔ the retained transport has no legacy endpoint registry, bearer token or analytics path (0.2785ms)
✔ the public domain barrel exposes only Chat, SimC and real Web identity (0.214ms)
✔ the root workspace and CI expose only retained product workflows (4.1573ms)
ℹ tests 62
ℹ suites 0
ℹ pass 62
ℹ fail 0
ℹ cancelled 0
ℹ skipped 0
ℹ todo 0
ℹ duration_ms 5856.6478
