
> wow-mini-program-workspace@0.1.0 test:control
> node --test tests/project-harness.test.js tests/project-state.test.js tests/project-owner-map.test.js tests/backend-owner-map.test.js tests/chickenbro-simc-refactor-inventory.test.js tests/chickenbro-simc-local-cleanup.test.js tests/prototype-retirement.test.js tests/retained-client-boundary.test.js

✔ backend owner map names only formal Identity, Chat, SimC, Worker and deployment owners (2.2549ms)
✔ engineering health hotspots are current formal owners (0.1071ms)
✔ cleanup accepts exact files and rejects directories, globs and broad roots (3.2765ms)
✔ changed or missing delete targets fail closed before caller analysis (1.1146ms)
✔ a retained import, documentation link or route literal blocks deletion (8.3115ms)
✔ references from another exact delete target do not block an atomic cleanup set (0.3273ms)
✔ plain prose and cleanup-control fixtures are not treated as runtime callers (0.5392ms)
✔ immutable current-rebuild evidence records do not act as live callers (1.1073ms)
✔ unclassified tracked files and inventory identity drift are review blockers (0.7307ms)
✔ an inventory-only commit is accepted while any other post-base diff remains review (0.2775ms)
✔ apply is atomic, exact, and requires Phase 5 accepted production evidence (0.5993ms)
✔ Phase 5 acceptance reads the current project-state gate contract (7.1175ms)
✔ CLI reports retired targets as missing and cannot replay cleanup without review inputs (1253.197ms)
✔ cleanup implementation contains no recursive or shell-based delete primitive (0.2988ms)
warning: in the working copy of 'inventory.json', LF will be replaced by CRLF the next time Git touches it
warning: in the working copy of 'known/a.txt', LF will be replaced by CRLF the next time Git touches it
warning: in the working copy of 'rules.json', LF will be replaced by CRLF the next time Git touches it
✔ target owners are kept while prototype and legacy product surfaces are retired (10.8668ms)
✔ specific rules win before broader known-tree rules (0.1238ms)
✔ unknown top-level paths fail closed without a repository catch-all (2.4571ms)
✔ inventory ordering, file hashes, and content hash are deterministic (4.0311ms)
✔ every current repository path is classified and the inventory excludes only itself (43.3751ms)
✔ the current repository has a final keep-or-delete disposition with no migration limbo (41.455ms)
✔ CLI may replace only its output file while rejecting every other tracked change (543.3252ms)
✔ project harness exposes help without running a manifest (45.9439ms)
✔ project harness rejects unknown options and missing option values (79.6128ms)
✔ project harness emits the current repo-native harness manifest as read-only JSON (85.4465ms)
✔ project harness writes a local release manifest only when --write is requested (81.5169ms)
✔ project harness sanitizes release path segments before writing artifacts (81.5169ms)
✔ project harness loads a local evidence packet without executing it (78.1899ms)
✔ project harness refuses evidence packets outside the repository root (40.6061ms)
✔ project harness check accepts a valid requirement and evidence packet (438.1683ms)
✔ project harness rejects a stale manifest from another task packet (88.2618ms)
✔ project harness binds the manifest to the checked evidence path (86.5955ms)
✔ project harness requires separate runtime verification and closure identities (311.9444ms)
✔ project harness rejects branch-only or mismatched runtime identity binding (85.3258ms)
✔ project harness resolves the verification identity to the exact checked Git HEAD (485.9241ms)
✔ project harness rejects bound verification when checked bytes differ from HEAD (460.4463ms)
✔ project harness rejects manual acceptance rollups that do not match their items (87.9074ms)
✔ project harness accepts a truthful manual acceptance matrix with explicit user waiver (437.1165ms)
✔ project harness rejects an unproven manual acceptance or user waiver (177.7749ms)
✔ project harness rejects a manual acceptance matrix that omits required items (88.7389ms)
✔ project harness check returns stable reason codes for invalid packets (943.8391ms)
✔ project harness check reports invalid JSON with a stable reason code (42.4452ms)
✔ project harness check refuses requirement packets outside the repository root (39.6134ms)
✔ project harness check never executes commands listed in packets (438.7282ms)
✔ project harness check fails when a critical changed file has no owner map hit (472.0398ms)
✔ project harness check fails when a changed project owner domain has no valid fact owner (498.6611ms)
✔ project owner map covers exactly the rebuilt product domains (0.8179ms)
✔ every owner and characterization path is retained and exists (3.7126ms)
✔ the route owner is exactly five Mini pages and two product tabs (0.1366ms)
✔ project state names only the approved dual-client Chat and SimC product (2.019ms)
✔ project state records the accepted production boundary and completed local/cloud cleanup (0.3826ms)
✔ all execution authorities and refactor evidence are explicit existing files (0.7451ms)
✔ every local link in retained Markdown resolves to another retained path (14.9095ms)
✔ formal backend runtime has no prototype owner, route, dependency, or setting (1.4736ms)
✔ formal typed clients export only real identity, Chat, and SimC contracts (0.3706ms)
✔ Chickenbro service definitions contain no prototype bypass configuration (0.366ms)
✔ the retained app shell has no legacy design asset runtime (5.9574ms)
✔ the mini-program manifest exposes only Chat, SimC and the QR confirmation page (0.3294ms)
✔ the retained build control plane has no legacy UI or news compatibility hooks (0.3144ms)
✔ the shared API client creates only transport, Chat, SimC and Web auth (0.4331ms)
✔ the retained transport has no legacy endpoint registry, bearer token or analytics path (0.2746ms)
✔ the public domain barrel exposes only Chat, SimC and real Web identity (0.2091ms)
✔ the root workspace and CI expose only retained product workflows (3.8703ms)
ℹ tests 62
ℹ suites 0
ℹ pass 62
ℹ fail 0
ℹ cancelled 0
ℹ skipped 0
ℹ todo 0
ℹ duration_ms 5761.7358
