
> wow-mini-program-workspace@0.1.0 test:control
> node --test tests/project-harness.test.js tests/project-state.test.js tests/project-owner-map.test.js tests/backend-owner-map.test.js tests/chickenbro-simc-refactor-inventory.test.js tests/chickenbro-simc-local-cleanup.test.js tests/prototype-retirement.test.js tests/retained-client-boundary.test.js

✔ backend owner map names only formal Identity, Chat, SimC, Worker and deployment owners (0.986708ms)
✔ engineering health hotspots are current formal owners (0.121417ms)
✔ cleanup accepts exact files and rejects directories, globs and broad roots (2.921167ms)
✔ changed or missing delete targets fail closed before caller analysis (0.964917ms)
✔ a retained import, documentation link or route literal blocks deletion (8.433125ms)
✔ references from another exact delete target do not block an atomic cleanup set (0.191667ms)
✔ plain prose and cleanup-control fixtures are not treated as runtime callers (1.405708ms)
✔ immutable current-rebuild evidence records do not act as live callers (0.200625ms)
✔ unclassified tracked files and inventory identity drift are review blockers (0.272792ms)
✔ an inventory-only commit is accepted while any other post-base diff remains review (0.14925ms)
✔ apply is atomic, exact, and requires Phase 5 accepted production evidence (0.281416ms)
✔ Phase 5 acceptance reads the current project-state gate contract (2.543ms)
✔ CLI reports retired targets as missing and cannot replay cleanup without review inputs (284.451417ms)
✔ cleanup implementation contains no recursive or shell-based delete primitive (0.256125ms)
✔ target owners are kept while prototype and legacy product surfaces are retired (4.304709ms)
✔ specific rules win before broader known-tree rules (0.090625ms)
✔ unknown top-level paths fail closed without a repository catch-all (1.8075ms)
✔ inventory ordering, file hashes, and content hash are deterministic (1.861ms)
✔ every current repository path is classified and the inventory excludes only itself (26.341708ms)
✔ the current repository has a final keep-or-delete disposition with no migration limbo (22.705416ms)
✔ CLI may replace only its output file while rejecting every other tracked change (289.523708ms)
✔ project harness exposes help without running a manifest (34.778292ms)
✔ project harness rejects unknown options and missing option values (54.865125ms)
✔ project harness emits the current repo-native harness manifest as read-only JSON (54.999959ms)
✔ project harness writes a local release manifest only when --write is requested (45.694917ms)
✔ project harness sanitizes release path segments before writing artifacts (44.715417ms)
✔ project harness loads a local evidence packet without executing it (44.129875ms)
✔ project harness refuses evidence packets outside the repository root (27.650833ms)
✔ project harness check accepts a valid requirement and evidence packet (189.555125ms)
✔ project harness rejects a stale manifest from another task packet (42.820542ms)
✔ project harness binds the manifest to the checked evidence path (46.81425ms)
✔ project harness requires separate runtime verification and closure identities (164.343292ms)
✔ project harness rejects branch-only or mismatched runtime identity binding (43.405667ms)
✔ project harness resolves the verification identity to the exact checked Git HEAD (217.003125ms)
✔ project harness rejects bound verification when checked bytes differ from HEAD (200.878333ms)
✔ project harness rejects manual acceptance rollups that do not match their items (43.475209ms)
✔ project harness accepts a truthful manual acceptance matrix with explicit user waiver (190.664667ms)
✔ project harness rejects an unproven manual acceptance or user waiver (86.854625ms)
✔ project harness rejects a manual acceptance matrix that omits required items (43.080333ms)
✔ project harness check returns stable reason codes for invalid packets (484.8145ms)
✔ project harness check reports invalid JSON with a stable reason code (29.685083ms)
✔ project harness check refuses requirement packets outside the repository root (28.220125ms)
✔ project harness check never executes commands listed in packets (188.173ms)
✔ project harness check fails when a critical changed file has no owner map hit (200.780833ms)
✔ project harness check fails when a changed project owner domain has no valid fact owner (194.908584ms)
✔ project owner map covers exactly the rebuilt product domains (0.61375ms)
✔ every owner and characterization path is retained and exists (0.6655ms)
✔ the route owner targets Web Chat and SimC only (0.05825ms)
✔ project state names the approved Web-only QQ Chat and SimC product (1.908125ms)
✔ project state records the accepted production boundary and completed local/cloud cleanup (0.237333ms)
✔ all execution authorities and refactor evidence are explicit existing files (0.3165ms)
✔ every local link in retained Markdown resolves to another retained path (6.894458ms)
✔ formal backend runtime has no prototype owner, route, dependency, or setting (3.694208ms)
✔ formal typed clients export only real identity, Chat, and SimC contracts (0.849292ms)
✔ Chickenbro service definitions contain no prototype bypass configuration (0.86175ms)
✔ the retained app shell has no legacy design asset runtime (7.311333ms)
✔ the H5 manifest exposes one inert Web entry and no Mini product pages (0.351167ms)
✔ the retained build control plane has no legacy UI or news compatibility hooks (0.571542ms)
✔ the shared API client creates only transport, Chat, SimC and Web auth (0.3335ms)
✔ the retained transport has no legacy endpoint registry, bearer token or analytics path (0.382875ms)
✔ the public domain barrel exposes only Chat, SimC and real Web identity (0.156458ms)
✔ the root workspace and CI expose only retained product workflows (4.351709ms)
✔ Mini source, provider and platform build dependencies remain absent (2.822084ms)
ℹ tests 63
ℹ suites 0
ℹ pass 63
ℹ fail 0
ℹ cancelled 0
ℹ skipped 0
ℹ todo 0
ℹ duration_ms 2750.994416
