
> wow-mini-program-workspace@0.1.0 test:control
> node --test tests/project-harness.test.js tests/project-state.test.js tests/project-owner-map.test.js tests/backend-owner-map.test.js tests/chickenbro-simc-refactor-inventory.test.js tests/chickenbro-simc-local-cleanup.test.js tests/prototype-retirement.test.js tests/retained-client-boundary.test.js

✔ backend owner map names only formal Identity, Chat, SimC, Worker deployment and analytics owners (0.939209ms)
✔ engineering health hotspots are current formal owners (0.080875ms)
✔ cleanup accepts exact files and rejects directories, globs and broad roots (2.438041ms)
✔ changed or missing delete targets fail closed before caller analysis (0.888083ms)
✔ a retained import, documentation link or route literal blocks deletion (7.720292ms)
✔ references from another exact delete target do not block an atomic cleanup set (0.228167ms)
✔ plain prose and cleanup-control fixtures are not treated as runtime callers (1.117958ms)
✔ immutable current-rebuild evidence records do not act as live callers (0.1975ms)
✔ unclassified tracked files and inventory identity drift are review blockers (0.2495ms)
✔ an inventory-only commit is accepted while any other post-base diff remains review (0.16125ms)
✔ apply is atomic, exact, and requires Phase 5 accepted production evidence (0.281417ms)
✔ Phase 5 acceptance reads the current project-state gate contract (1.91075ms)
✔ CLI reports retired targets as missing and cannot replay cleanup without review inputs (272.941416ms)
✔ cleanup implementation contains no recursive or shell-based delete primitive (0.25025ms)
✔ target owners are kept while prototype and legacy product surfaces are retired (3.49525ms)
✔ specific rules win before broader known-tree rules (0.101416ms)
✔ unknown top-level paths fail closed without a repository catch-all (2.553ms)
✔ inventory ordering, file hashes, and content hash are deterministic (2.41875ms)
✔ every current repository path is classified and the inventory excludes only itself (30.023084ms)
✔ the current repository has a final keep-or-delete disposition with no migration limbo (25.454ms)
✔ CLI may replace only its output file while rejecting every other tracked change (264.861167ms)
✔ project harness exposes help without running a manifest (33.454ms)
✔ project harness rejects unknown options and missing option values (55.029375ms)
✔ project harness emits the current repo-native harness manifest as read-only JSON (53.254625ms)
✔ project harness writes a local release manifest only when --write is requested (45.283208ms)
✔ project harness sanitizes release path segments before writing artifacts (44.65875ms)
✔ project harness loads a local evidence packet without executing it (45.252875ms)
✔ project harness refuses evidence packets outside the repository root (26.978834ms)
✔ project harness check accepts a valid requirement and evidence packet (179.446ms)
✔ project harness rejects a stale manifest from another task packet (43.612917ms)
✔ project harness binds the manifest to the checked evidence path (43.639166ms)
✔ project harness requires separate runtime verification and closure identities (158.386709ms)
✔ project harness rejects branch-only or mismatched runtime identity binding (43.034875ms)
✔ project harness resolves the verification identity to the exact checked Git HEAD (199.551667ms)
✔ project harness rejects bound verification when checked bytes differ from HEAD (179.897083ms)
✔ project harness rejects manual acceptance rollups that do not match their items (42.374ms)
✔ project harness accepts a truthful manual acceptance matrix with explicit user waiver (178.909583ms)
✔ project harness rejects an unproven manual acceptance or user waiver (86.070666ms)
✔ project harness rejects a manual acceptance matrix that omits required items (42.6115ms)
✔ project harness check returns stable reason codes for invalid packets (477.587542ms)
✔ project harness check reports invalid JSON with a stable reason code (28.6085ms)
✔ project harness check refuses requirement packets outside the repository root (27.413917ms)
✔ project harness check never executes commands listed in packets (183.617542ms)
✔ project harness check fails when a critical changed file has no owner map hit (183.741208ms)
✔ project harness check fails when a changed project owner domain has no valid fact owner (189.636333ms)
✔ project owner map covers exactly the rebuilt product domains (0.620917ms)
✔ every owner and characterization path is retained and exists (0.842166ms)
✔ the route owner targets Web Chat, SimC and restricted analytics (0.063625ms)
✔ project state names the approved Web-only QQ Chat and SimC product (1.952916ms)
✔ project state records the accepted production boundary and completed local/cloud cleanup (0.212ms)
✔ all execution authorities and refactor evidence are explicit existing files (0.983125ms)
✔ every local link in retained Markdown resolves to another retained path (9.334959ms)
✔ formal backend runtime has no prototype owner, route, dependency, or setting (3.696667ms)
✔ formal typed clients export only real identity, Chat, and SimC contracts (1.208792ms)
✔ Chickenbro service definitions contain no prototype bypass configuration (0.863542ms)
✔ the retained app shell has no legacy design asset runtime (8.577375ms)
✔ the H5 manifest exposes one inert Web entry and no Mini product pages (0.528792ms)
✔ the retained build control plane has no legacy UI or news compatibility hooks (0.630875ms)
✔ the shared API client creates only transport, Chat, SimC and Web auth (0.340208ms)
✔ the retained transport has no legacy endpoint registry, bearer token or analytics path (0.394209ms)
✔ the public domain barrel exposes only Chat, SimC and real Web identity (0.243167ms)
✔ the root workspace and CI expose only retained product workflows (3.611791ms)
✔ Mini source, provider and platform build dependencies remain absent (2.947875ms)
ℹ tests 63
ℹ suites 0
ℹ pass 63
ℹ fail 0
ℹ cancelled 0
ℹ skipped 0
ℹ todo 0
ℹ duration_ms 2641.925166
