
> wow-mini-program-workspace@0.1.0 test:control
> node --test tests/project-harness.test.js tests/project-state.test.js tests/project-owner-map.test.js tests/backend-owner-map.test.js tests/chickenbro-simc-refactor-inventory.test.js tests/chickenbro-simc-local-cleanup.test.js tests/prototype-retirement.test.js tests/retained-client-boundary.test.js

✔ backend owner map names only formal Identity, Chat, SimC, Worker deployment and analytics owners (0.951083ms)
✔ engineering health hotspots are current formal owners (0.074209ms)
✔ cleanup accepts exact files and rejects directories, globs and broad roots (1.466792ms)
✔ changed or missing delete targets fail closed before caller analysis (1.105625ms)
✔ a retained import, documentation link or route literal blocks deletion (8.114542ms)
✔ references from another exact delete target do not block an atomic cleanup set (0.225792ms)
✔ plain prose and cleanup-control fixtures are not treated as runtime callers (0.839375ms)
✔ immutable current-rebuild evidence records do not act as live callers (0.300375ms)
✔ unclassified tracked files and inventory identity drift are review blockers (0.449625ms)
✔ an inventory-only commit is accepted while any other post-base diff remains review (0.186ms)
✔ apply is atomic, exact, and requires Phase 5 accepted production evidence (0.302125ms)
✔ Phase 5 acceptance reads the current project-state gate contract (2.5805ms)
✔ CLI reports retired targets as missing and cannot replay cleanup without review inputs (201.991208ms)
✔ cleanup implementation contains no recursive or shell-based delete primitive (0.249125ms)
✔ target owners are kept while prototype and legacy product surfaces are retired (3.510459ms)
✔ specific rules win before broader known-tree rules (0.1ms)
✔ unknown top-level paths fail closed without a repository catch-all (1.86625ms)
✔ inventory ordering, file hashes, and content hash are deterministic (3.046375ms)
✔ every current repository path is classified and the inventory excludes only itself (25.695209ms)
✔ the current repository has a final keep-or-delete disposition with no migration limbo (24.097708ms)
✔ CLI may replace only its output file while rejecting every other tracked change (257.575125ms)
✔ project harness exposes help without running a manifest (29.443ms)
✔ project harness rejects unknown options and missing option values (53.70775ms)
✔ project harness emits the current repo-native harness manifest as read-only JSON (50.793792ms)
✔ project harness writes a local release manifest only when --write is requested (44.205375ms)
✔ project harness sanitizes release path segments before writing artifacts (47.529167ms)
✔ project harness loads a local evidence packet without executing it (41.572792ms)
✔ project harness refuses evidence packets outside the repository root (25.867292ms)
✔ project harness check accepts a valid requirement and evidence packet (175.591625ms)
✔ project harness rejects a stale manifest from another task packet (41.782458ms)
✔ project harness binds the manifest to the checked evidence path (43.021541ms)
✔ project harness requires separate runtime verification and closure identities (153.669167ms)
✔ project harness rejects branch-only or mismatched runtime identity binding (41.468916ms)
✔ project harness resolves the verification identity to the exact checked Git HEAD (198.093833ms)
✔ project harness rejects bound verification when checked bytes differ from HEAD (174.447166ms)
✔ project harness rejects manual acceptance rollups that do not match their items (42.128208ms)
✔ project harness accepts a truthful manual acceptance matrix with explicit user waiver (173.282833ms)
✔ project harness rejects an unproven manual acceptance or user waiver (91.789583ms)
✔ project harness rejects a manual acceptance matrix that omits required items (42.929ms)
✔ project harness check returns stable reason codes for invalid packets (466.586583ms)
✔ project harness check reports invalid JSON with a stable reason code (27.01425ms)
✔ project harness check refuses requirement packets outside the repository root (27.10775ms)
✔ project harness check never executes commands listed in packets (175.864208ms)
✔ project harness check fails when a critical changed file has no owner map hit (188.95225ms)
✔ project harness check fails when a changed project owner domain has no valid fact owner (191.289125ms)
✔ project owner map covers exactly the rebuilt product domains (0.634708ms)
✔ every owner and characterization path is retained and exists (1.036167ms)
✔ the route owner targets Web Chat, SimC and restricted analytics (0.066708ms)
✔ project state names the approved Web-only QQ Chat and SimC product (1.641333ms)
✔ project state records the accepted production boundary and completed local/cloud cleanup (0.207083ms)
✔ all execution authorities and refactor evidence are explicit existing files (0.209458ms)
✔ every local link in retained Markdown resolves to another retained path (5.152875ms)
✔ formal backend runtime has no prototype owner, route, dependency, or setting (0.837708ms)
✔ formal typed clients export only real identity, Chat, and SimC contracts (0.972916ms)
✔ Chickenbro service definitions contain no prototype bypass configuration (0.315291ms)
✔ the retained app shell has no legacy design asset runtime (4.243333ms)
✔ the H5 manifest exposes one inert Web entry and no Mini product pages (0.226209ms)
✔ the retained build control plane has no legacy UI or news compatibility hooks (0.227333ms)
✔ the shared API client creates only transport, Chat, SimC and Web auth (0.226959ms)
✔ the retained transport has no legacy endpoint registry, bearer token or analytics path (0.176958ms)
✔ the public domain barrel exposes only Chat, SimC and real Web identity (0.110417ms)
✔ the root workspace and CI expose only retained product workflows (2.868625ms)
✔ Mini source, provider and platform build dependencies remain absent (2.277083ms)
ℹ tests 63
ℹ suites 0
ℹ pass 63
ℹ fail 0
ℹ cancelled 0
ℹ skipped 0
ℹ todo 0
ℹ duration_ms 2596.865083
