
> wow-mini-program-workspace@0.1.0 test:control
> node --test tests/project-harness.test.js tests/project-state.test.js tests/project-owner-map.test.js tests/backend-owner-map.test.js tests/chickenbro-simc-refactor-inventory.test.js tests/chickenbro-simc-local-cleanup.test.js tests/prototype-retirement.test.js tests/retained-client-boundary.test.js

✔ backend owner map names only formal Identity, Chat, SimC, Worker deployment and analytics owners (1.861167ms)
✔ engineering health hotspots are current formal owners (0.083208ms)
✔ cleanup accepts exact files and rejects directories, globs and broad roots (1.965792ms)
✔ changed or missing delete targets fail closed before caller analysis (0.804958ms)
✔ a retained import, documentation link or route literal blocks deletion (7.91075ms)
✔ references from another exact delete target do not block an atomic cleanup set (0.225167ms)
✔ plain prose and cleanup-control fixtures are not treated as runtime callers (0.316625ms)
✔ immutable current-rebuild evidence records do not act as live callers (0.316208ms)
✔ unclassified tracked files and inventory identity drift are review blockers (0.319291ms)
✔ an inventory-only commit is accepted while any other post-base diff remains review (0.154167ms)
✔ apply is atomic, exact, and requires Phase 5 accepted production evidence (0.269416ms)
✔ Phase 5 acceptance reads the current project-state gate contract (2.712875ms)
✔ CLI reports retired targets as missing and cannot replay cleanup without review inputs (294.920958ms)
✔ cleanup implementation contains no recursive or shell-based delete primitive (0.27975ms)
✔ target owners are kept while prototype and legacy product surfaces are retired (4.316917ms)
✔ specific rules win before broader known-tree rules (0.093917ms)
✔ unknown top-level paths fail closed without a repository catch-all (3.025375ms)
✔ inventory ordering, file hashes, and content hash are deterministic (3.331875ms)
✔ every current repository path is classified and the inventory excludes only itself (30.248417ms)
✔ the current repository has a final keep-or-delete disposition with no migration limbo (22.825417ms)
✔ CLI may replace only its output file while rejecting every other tracked change (324.523458ms)
✔ project harness exposes help without running a manifest (33.296375ms)
✔ project harness rejects unknown options and missing option values (53.11075ms)
✔ project harness emits the current repo-native harness manifest as read-only JSON (62.461ms)
✔ project harness writes a local release manifest only when --write is requested (52.933917ms)
✔ project harness sanitizes release path segments before writing artifacts (48.854542ms)
✔ project harness loads a local evidence packet without executing it (54.761541ms)
✔ project harness refuses evidence packets outside the repository root (32.284583ms)
✔ project harness check accepts a valid requirement and evidence packet (217.501916ms)
✔ project harness rejects a stale manifest from another task packet (46.289917ms)
✔ project harness binds the manifest to the checked evidence path (45.41475ms)
✔ project harness requires separate runtime verification and closure identities (158.975375ms)
✔ project harness rejects branch-only or mismatched runtime identity binding (46.681625ms)
✔ project harness resolves the verification identity to the exact checked Git HEAD (195.949292ms)
✔ project harness rejects bound verification when checked bytes differ from HEAD (181.488292ms)
✔ project harness rejects manual acceptance rollups that do not match their items (40.763ms)
✔ project harness accepts a truthful manual acceptance matrix with explicit user waiver (179.393583ms)
✔ project harness rejects an unproven manual acceptance or user waiver (97.006959ms)
✔ project harness rejects a manual acceptance matrix that omits required items (43.353792ms)
✔ project harness check returns stable reason codes for invalid packets (462.436875ms)
✔ project harness check reports invalid JSON with a stable reason code (29.013084ms)
✔ project harness check refuses requirement packets outside the repository root (31.116459ms)
✔ project harness check never executes commands listed in packets (187.653125ms)
✔ project harness check fails when a critical changed file has no owner map hit (179.585958ms)
✔ project harness check fails when a changed project owner domain has no valid fact owner (200.661167ms)
✔ project owner map covers exactly the rebuilt product domains (0.640625ms)
✔ every owner and characterization path is retained and exists (0.88ms)
✔ the route owner targets Web Chat, SimC and restricted analytics (0.395916ms)
✔ project state names the approved Web-only QQ Chat and SimC product (2.024ms)
✔ project state records the accepted production boundary and completed local/cloud cleanup (0.273666ms)
✔ all execution authorities and refactor evidence are explicit existing files (0.783042ms)
✔ every local link in retained Markdown resolves to another retained path (10.809792ms)
✔ formal backend runtime has no prototype owner, route, dependency, or setting (3.205667ms)
✔ formal typed clients export only real identity, Chat, and SimC contracts (1.14275ms)
✔ Chickenbro service definitions contain no prototype bypass configuration (3.074792ms)
✔ the retained app shell has no legacy design asset runtime (6.82ms)
✔ the H5 manifest exposes one inert Web entry and no Mini product pages (2.777416ms)
✔ the retained build control plane has no legacy UI or news compatibility hooks (0.768083ms)
✔ the shared API client creates only transport, Chat, SimC and Web auth (0.4245ms)
✔ the retained transport has no legacy endpoint registry, bearer token or analytics path (0.426042ms)
✔ the public domain barrel exposes only Chat, SimC and real Web identity (0.188625ms)
✔ the root workspace and CI expose only retained product workflows (3.382333ms)
✔ Mini source, provider and platform build dependencies remain absent (2.799792ms)
ℹ tests 63
ℹ suites 0
ℹ pass 63
ℹ fail 0
ℹ cancelled 0
ℹ skipped 0
ℹ todo 0
ℹ duration_ms 2729.228166
