✔ backend owner map names only formal Identity, Chat, SimC, Worker deployment and analytics owners (2.9049ms)
✔ engineering health hotspots are current formal owners (0.1075ms)
✔ cleanup accepts exact files and rejects directories, globs and broad roots (2.238ms)
✔ changed or missing delete targets fail closed before caller analysis (1.1851ms)
✔ a retained import, documentation link or route literal blocks deletion (8.4472ms)
✔ references from another exact delete target do not block an atomic cleanup set (0.2576ms)
✔ plain prose and cleanup-control fixtures are not treated as runtime callers (0.4056ms)
✔ immutable current-rebuild evidence records do not act as live callers (0.1949ms)
✔ unclassified tracked files and inventory identity drift are review blockers (0.3976ms)
✔ an inventory-only commit is accepted while any other post-base diff remains review (0.2257ms)
✔ apply is atomic, exact, and requires Phase 5 accepted production evidence (0.4025ms)
✔ Phase 5 acceptance reads the current project-state gate contract (6.6118ms)
✔ CLI reports retired targets as missing and cannot replay cleanup without review inputs (393.0357ms)
✔ cleanup implementation contains no recursive or shell-based delete primitive (0.3148ms)
warning: in the working copy of 'inventory.json', LF will be replaced by CRLF the next time Git touches it
warning: in the working copy of 'known/a.txt', LF will be replaced by CRLF the next time Git touches it
warning: in the working copy of 'rules.json', LF will be replaced by CRLF the next time Git touches it
✔ target owners are kept while prototype and legacy product surfaces are retired (12.3567ms)
✔ specific rules win before broader known-tree rules (0.1326ms)
✔ unknown top-level paths fail closed without a repository catch-all (2.4478ms)
✔ inventory ordering, file hashes, and content hash are deterministic (9.0406ms)
✔ every current repository path is classified and the inventory excludes only itself (50.5443ms)
✔ the current repository has a final keep-or-delete disposition with no migration limbo (44.8304ms)
✔ CLI may replace only its output file while rejecting every other tracked change (882.5731ms)
✔ project harness exposes help without running a manifest (47.8148ms)
✔ project harness rejects unknown options and missing option values (87.7002ms)
✔ project harness emits the current repo-native harness manifest as read-only JSON (108.6885ms)
✔ project harness writes a local release manifest only when --write is requested (367.2764ms)
✔ project harness sanitizes release path segments before writing artifacts (79.9036ms)
✔ project harness loads a local evidence packet without executing it (78.205ms)
✔ project harness refuses evidence packets outside the repository root (43.2019ms)
✔ project harness check accepts a valid requirement and evidence packet (442.8938ms)
✔ project harness rejects a stale manifest from another task packet (90.7669ms)
✔ project harness binds the manifest to the checked evidence path (91.8919ms)
✔ project harness requires separate runtime verification and closure identities (317.7864ms)
✔ project harness rejects branch-only or mismatched runtime identity binding (87.975ms)
✔ project harness resolves the verification identity to the exact checked Git HEAD (496.5351ms)
✔ project harness rejects bound verification when checked bytes differ from HEAD (454.2016ms)
✔ project harness rejects manual acceptance rollups that do not match their items (85.6116ms)
✔ project harness accepts a truthful manual acceptance matrix with explicit user waiver (477.2589ms)
✔ project harness rejects an unproven manual acceptance or user waiver (179.0468ms)
✔ project harness rejects a manual acceptance matrix that omits required items (90.7648ms)
✔ project harness check returns stable reason codes for invalid packets (986.0886ms)
✔ project harness check reports invalid JSON with a stable reason code (50.2812ms)
✔ project harness check refuses requirement packets outside the repository root (42.7248ms)
✔ project harness check never executes commands listed in packets (3067.0422ms)
✔ project harness check fails when a critical changed file has no owner map hit (514.3461ms)
✔ project harness check fails when a changed project owner domain has no valid fact owner (509.0991ms)
✔ project owner map covers exactly the rebuilt product domains (1.0342ms)
✔ every owner and characterization path is retained and exists (3.5202ms)
✔ the route owner targets Web Chat, SimC and restricted analytics (0.1059ms)
✔ project state names the approved Web-only QQ Chat and SimC product (2.3226ms)
✔ project state records the accepted production boundary and completed local/cloud cleanup (0.5683ms)
✔ all execution authorities and refactor evidence are explicit existing files (1.0001ms)
✔ every local link in retained Markdown resolves to another retained path (14.8681ms)
✔ formal backend runtime has no prototype owner, route, dependency, or setting (1.3065ms)
✔ formal typed clients export only real identity, Chat, and SimC contracts (0.8352ms)
✔ Chickenbro service definitions contain no prototype bypass configuration (0.4244ms)
✔ the retained app shell has no legacy design asset runtime (7.2019ms)
✔ the H5 manifest exposes one inert Web entry and no Mini product pages (0.3206ms)
✔ the retained build control plane has no legacy UI or news compatibility hooks (0.4195ms)
✔ the shared API client creates only transport, Chat, SimC and Web auth (0.7349ms)
✔ the retained transport has no legacy endpoint registry, bearer token or analytics path (0.6265ms)
✔ the public domain barrel exposes only Chat, SimC and real Web identity (0.2192ms)
✔ the root workspace and CI expose only retained product workflows (5.0228ms)
✔ Mini source, provider and platform build dependencies remain absent (3.2471ms)
ℹ tests 63
ℹ suites 0
ℹ pass 63
ℹ fail 0
ℹ cancelled 0
ℹ skipped 0
ℹ todo 0
ℹ duration_ms 8885.9967
