
> wow-mini-program-workspace@0.1.0 test:control
> node --test tests/project-harness.test.js tests/project-state.test.js tests/project-owner-map.test.js tests/backend-owner-map.test.js tests/chickenbro-simc-refactor-inventory.test.js tests/chickenbro-simc-local-cleanup.test.js tests/prototype-retirement.test.js tests/retained-client-boundary.test.js

✔ backend owner map names only formal Identity, Chat, SimC, Worker deployment and analytics owners (0.968708ms)
✔ engineering health hotspots are current formal owners (0.076875ms)
✔ cleanup accepts exact files and rejects directories, globs and broad roots (2.093125ms)
✔ changed or missing delete targets fail closed before caller analysis (1.172875ms)
✔ a retained import, documentation link or route literal blocks deletion (7.136917ms)
✔ references from another exact delete target do not block an atomic cleanup set (0.191709ms)
✔ plain prose and cleanup-control fixtures are not treated as runtime callers (0.8295ms)
✔ immutable current-rebuild evidence records do not act as live callers (0.165834ms)
✔ unclassified tracked files and inventory identity drift are review blockers (0.227458ms)
✔ an inventory-only commit is accepted while any other post-base diff remains review (0.149208ms)
✔ apply is atomic, exact, and requires Phase 5 accepted production evidence (0.258333ms)
✔ Phase 5 acceptance reads the current project-state gate contract (2.002ms)
✔ CLI reports retired targets as missing and cannot replay cleanup without review inputs (260.476541ms)
✔ cleanup implementation contains no recursive or shell-based delete primitive (0.250917ms)
✔ target owners are kept while prototype and legacy product surfaces are retired (4.27825ms)
✔ specific rules win before broader known-tree rules (0.094417ms)
✔ unknown top-level paths fail closed without a repository catch-all (1.681208ms)
✔ inventory ordering, file hashes, and content hash are deterministic (2.825708ms)
✔ every current repository path is classified and the inventory excludes only itself (25.863834ms)
✔ the current repository has a final keep-or-delete disposition with no migration limbo (22.160708ms)
✔ CLI may replace only its output file while rejecting every other tracked change (264.424042ms)
✔ project harness exposes help without running a manifest (31.374167ms)
✔ project harness rejects unknown options and missing option values (53.43825ms)
✔ project harness emits the current repo-native harness manifest as read-only JSON (53.043083ms)
✔ project harness writes a local release manifest only when --write is requested (44.627084ms)
✔ project harness sanitizes release path segments before writing artifacts (43.192792ms)
✔ project harness loads a local evidence packet without executing it (42.48025ms)
✔ project harness refuses evidence packets outside the repository root (26.54275ms)
✔ project harness check accepts a valid requirement and evidence packet (177.361833ms)
✔ project harness rejects a stale manifest from another task packet (41.959ms)
✔ project harness binds the manifest to the checked evidence path (42.774959ms)
✔ project harness requires separate runtime verification and closure identities (152.978917ms)
✔ project harness rejects branch-only or mismatched runtime identity binding (42.242125ms)
✔ project harness resolves the verification identity to the exact checked Git HEAD (189.764208ms)
✔ project harness rejects bound verification when checked bytes differ from HEAD (177.574833ms)
✔ project harness rejects manual acceptance rollups that do not match their items (40.842125ms)
✔ project harness accepts a truthful manual acceptance matrix with explicit user waiver (170.719959ms)
✔ project harness rejects an unproven manual acceptance or user waiver (83.435667ms)
✔ project harness rejects a manual acceptance matrix that omits required items (42.503417ms)
✔ project harness check returns stable reason codes for invalid packets (461.476209ms)
✔ project harness check reports invalid JSON with a stable reason code (27.556458ms)
✔ project harness check refuses requirement packets outside the repository root (26.384667ms)
✔ project harness check never executes commands listed in packets (172.764458ms)
✔ project harness check fails when a critical changed file has no owner map hit (184.796041ms)
✔ project harness check fails when a changed project owner domain has no valid fact owner (186.413917ms)
✔ project owner map covers exactly the rebuilt product domains (0.62975ms)
✔ every owner and characterization path is retained and exists (0.792125ms)
✔ the route owner targets Web Chat, SimC and restricted analytics (0.265666ms)
✔ project state names the approved Web-only QQ Chat and SimC product (2.733584ms)
✔ project state records the accepted production boundary and completed local/cloud cleanup (0.390084ms)
✔ all execution authorities and refactor evidence are explicit existing files (0.316666ms)
✔ every local link in retained Markdown resolves to another retained path (8.042042ms)
✔ formal backend runtime has no prototype owner, route, dependency, or setting (3.24725ms)
✔ formal typed clients export only real identity, Chat, and SimC contracts (1.557084ms)
✔ Chickenbro service definitions contain no prototype bypass configuration (0.885666ms)
✔ the retained app shell has no legacy design asset runtime (6.840333ms)
✔ the H5 manifest exposes one inert Web entry and no Mini product pages (0.4015ms)
✔ the retained build control plane has no legacy UI or news compatibility hooks (0.871208ms)
✔ the shared API client creates only transport, Chat, SimC and Web auth (0.495625ms)
✔ the retained transport has no legacy endpoint registry, bearer token or analytics path (0.63775ms)
✔ the public domain barrel exposes only Chat, SimC and real Web identity (0.21375ms)
✔ the root workspace and CI expose only retained product workflows (3.493ms)
✔ Mini source, provider and platform build dependencies remain absent (2.779209ms)
ℹ tests 63
ℹ suites 0
ℹ pass 63
ℹ fail 0
ℹ cancelled 0
ℹ skipped 0
ℹ todo 0
ℹ duration_ms 2563.740583
