
> wow-mini-program-workspace@0.1.0 test:control
> node --test tests/project-harness.test.js tests/project-state.test.js tests/project-owner-map.test.js tests/backend-owner-map.test.js tests/chickenbro-simc-refactor-inventory.test.js tests/chickenbro-simc-local-cleanup.test.js tests/prototype-retirement.test.js tests/retained-client-boundary.test.js

✔ backend owner map names only formal Identity, Chat, SimC, Worker deployment and analytics owners (0.931625ms)
✔ engineering health hotspots are current formal owners (0.078709ms)
✔ cleanup accepts exact files and rejects directories, globs and broad roots (2.412792ms)
✔ changed or missing delete targets fail closed before caller analysis (0.94925ms)
✔ a retained import, documentation link or route literal blocks deletion (7.794125ms)
✔ references from another exact delete target do not block an atomic cleanup set (0.332042ms)
✔ plain prose and cleanup-control fixtures are not treated as runtime callers (0.879667ms)
✔ immutable current-rebuild evidence records do not act as live callers (0.167ms)
✔ unclassified tracked files and inventory identity drift are review blockers (0.251166ms)
✔ an inventory-only commit is accepted while any other post-base diff remains review (0.223708ms)
✔ apply is atomic, exact, and requires Phase 5 accepted production evidence (0.29275ms)
✔ Phase 5 acceptance reads the current project-state gate contract (2.104458ms)
✔ CLI reports retired targets as missing and cannot replay cleanup without review inputs (292.614125ms)
✔ cleanup implementation contains no recursive or shell-based delete primitive (0.268708ms)
✔ target owners are kept while prototype and legacy product surfaces are retired (3.310291ms)
✔ specific rules win before broader known-tree rules (0.123667ms)
✔ unknown top-level paths fail closed without a repository catch-all (2.082208ms)
✔ inventory ordering, file hashes, and content hash are deterministic (2.242708ms)
✔ every current repository path is classified and the inventory excludes only itself (32.165916ms)
✔ the current repository has a final keep-or-delete disposition with no migration limbo (23.936667ms)
✔ CLI may replace only its output file while rejecting every other tracked change (284.7595ms)
✔ project harness exposes help without running a manifest (31.304125ms)
✔ project harness rejects unknown options and missing option values (55.094083ms)
✔ project harness emits the current repo-native harness manifest as read-only JSON (75.321583ms)
✔ project harness writes a local release manifest only when --write is requested (44.043792ms)
✔ project harness sanitizes release path segments before writing artifacts (40.738041ms)
✔ project harness loads a local evidence packet without executing it (43.283625ms)
✔ project harness refuses evidence packets outside the repository root (31.292542ms)
✔ project harness check accepts a valid requirement and evidence packet (180.10275ms)
✔ project harness rejects a stale manifest from another task packet (40.512459ms)
✔ project harness binds the manifest to the checked evidence path (41.752167ms)
✔ project harness requires separate runtime verification and closure identities (150.930209ms)
✔ project harness rejects branch-only or mismatched runtime identity binding (41.522792ms)
✔ project harness resolves the verification identity to the exact checked Git HEAD (187.025291ms)
✔ project harness rejects bound verification when checked bytes differ from HEAD (174.950083ms)
✔ project harness rejects manual acceptance rollups that do not match their items (41.088666ms)
✔ project harness accepts a truthful manual acceptance matrix with explicit user waiver (295.817708ms)
✔ project harness rejects an unproven manual acceptance or user waiver (102.582375ms)
✔ project harness rejects a manual acceptance matrix that omits required items (43.296083ms)
✔ project harness check returns stable reason codes for invalid packets (452.490542ms)
✔ project harness check reports invalid JSON with a stable reason code (26.849125ms)
✔ project harness check refuses requirement packets outside the repository root (25.698166ms)
✔ project harness check never executes commands listed in packets (175.870959ms)
✔ project harness check fails when a critical changed file has no owner map hit (187.086542ms)
✔ project harness check fails when a changed project owner domain has no valid fact owner (198.490375ms)
✔ project owner map covers exactly the rebuilt product domains (0.652708ms)
✔ every owner and characterization path is retained and exists (1.001292ms)
✔ the route owner targets Web Chat, SimC and restricted analytics (0.214541ms)
✔ project state names the approved Web-only QQ Chat and SimC product (1.363375ms)
✔ project state records the accepted production boundary and completed local/cloud cleanup (0.197ms)
✔ all execution authorities and refactor evidence are explicit existing files (0.200375ms)
✔ every local link in retained Markdown resolves to another retained path (8.651167ms)
✔ formal backend runtime has no prototype owner, route, dependency, or setting (3.079167ms)
✔ formal typed clients export only real identity, Chat, and SimC contracts (1.532667ms)
✔ Chickenbro service definitions contain no prototype bypass configuration (1.297417ms)
✔ the retained app shell has no legacy design asset runtime (6.793959ms)
✔ the H5 manifest exposes one inert Web entry and no Mini product pages (0.348334ms)
✔ the retained build control plane has no legacy UI or news compatibility hooks (0.92325ms)
✔ the shared API client creates only transport, Chat, SimC and Web auth (0.278792ms)
✔ the retained transport has no legacy endpoint registry, bearer token or analytics path (0.344792ms)
✔ the public domain barrel exposes only Chat, SimC and real Web identity (0.1315ms)
✔ the root workspace and CI expose only retained product workflows (3.502917ms)
✔ Mini source, provider and platform build dependencies remain absent (2.820667ms)
ℹ tests 63
ℹ suites 0
ℹ pass 63
ℹ fail 0
ℹ cancelled 0
ℹ skipped 0
ℹ todo 0
ℹ duration_ms 2733.54925
